I'm sorry, but errors were detected in your script. Please correct the
errors listed below, and try again.


File "game/screens.rpy", line 108: 'with' is not a keyword argument or valid child of the text statement.
    text what id "what" with dissolve
                            ^

Ren'Py Version: Ren'Py 8.3.2.24090902
Sat Apr 25 23:40:31 2026
